java : SLF4J(W): No SLF4J providers were found.
At line:1 char:17
+ ... package -q; java -jar "target\selenium-test-1.0-SNAPSHOT.jar" 2>&1 |  ...
+                 ~~~~~~~~~~~~~~~~~~~~~~~~~~~~~~~~~~~~~~~~~~~~~~~~~~~~~~
    + CategoryInfo          : NotSpecified: (SLF4J(W): No SLF4J providers were found.:String) [], RemoteException
    + FullyQualifiedErrorId : NativeCommandError
 
SLF4J(W): Defaulting to no-operation (NOP) logger implementation
SLF4J(W): See https://www.slf4j.org/codes.html#noProviders for further details.
Apr 18, 2026 10:32:11 AM org.openqa.selenium.devtools.CdpVersionFinder findNearestMatch
WARNING: Unable to find CDP implementation matching 147
Apr 18, 2026 10:32:11 AM org.openqa.selenium.chromium.ChromiumDriver lambda$new$5
WARNING: Unable to find version of CDP to use for 147.0.7727.101. You may need to include a dependency on a specific 
version of the CDP using something similar to `org.seleniumhq.selenium:selenium-devtools-v86:4.18.1` where the version 
("v86") matches the version of the chromium-based browser you're using and the version number of the artifact is the 
same as Selenium's.
[PASS] TC01 - Homepage Load
[PASS] TC02 - Title Exists
[FAIL] TC03 - Header Visible (Exception: no such element: Unable to locate element: {"method":"tag name","selector":"header"}
  (Session info: chrome=147.0.7727.101)
For documentation on this error, please visit: https://www.selenium.dev/documentation/webdriver/troubleshooting/errors#no-such-element-exception
Build info: version: '4.18.1', revision: 'b1d3319b48'
System info: os.name: 'Windows 11', os.arch: 'amd64', os.version: '10.0', java.version: '17.0.18'
Driver info: org.openqa.selenium.chrome.ChromeDriver
Command: [621f26f81b301ffa54aeeda80494b3a4, findElement {using=tag name, value=header}]
Capabilities {acceptInsecureCerts: false, browserName: chrome, browserVersion: 147.0.7727.101, chrome: {chromedriverVersion: 147.0.7727.57 (b4f28b5637d0..., userDataDir: C:\Users\SARITH~1\AppData\L...}, fedcm:accounts: true, goog:chromeOptions: {debuggerAddress: localhost:51206}, goog:processID: 20348, networkConnectionEnabled: false, pageLoadStrategy: normal, platformName: windows, proxy: Proxy(), se:cdp: ws://localhost:51206/devtoo..., se:cdpVersion: 147.0.7727.101, setWindowRect: true, strictFileInteractability: false, timeouts: {implicit: 0, pageLoad: 300000, script: 30000}, unhandledPromptBehavior: dismiss and notify, webauthn:extension:credBlob: true, webauthn:extension:largeBlob: true, webauthn:extension:minPinLength: true, webauthn:extension:prf: true, webauthn:virtualAuthenticators: true}
Session ID: 621f26f81b301ffa54aeeda80494b3a4)
[PASS] TC04 - Links Present
[FAIL] TC05 - Section Visible
[PASS] TC06 - Buttons Present
[PASS] TC07 - Footer Visible
[FAIL] TC08 - Images Present
[PASS] TC09 - Input Fields Exist
[FAIL] TC10 - Input Typing
[PASS] TC11 - Scroll Page
[PASS] TC12 - Footer Text Exists
[PASS] TC13 - Body Text Exists
[PASS] TC14 - Link Click
[PASS] TC15 - Page Refresh
[PASS] TC16 - URL Validation
[PASS] TC17 - Back/Forward Navigation
[PASS] TC18 - Forward Navigation
[PASS] TC19 - Resize Screen
[PASS] TC20 - Wait Load
[PASS] TC21 - Images Loaded
[PASS] TC22 - Multiple Link Clicks
[PASS] TC23 - Multiple Refresh
[PASS] TC24 - Scroll Top
[FAIL] TC25 - Button Click (Exception: element not interactable
  (Session info: chrome=147.0.7727.101)
Build info: version: '4.18.1', revision: 'b1d3319b48'
System info: os.name: 'Windows 11', os.arch: 'amd64', os.version: '10.0', java.version: '17.0.18'
Driver info: org.openqa.selenium.chrome.ChromeDriver
Command: [621f26f81b301ffa54aeeda80494b3a4, clickElement {id=f.815385D9F3985DAD5FC1D9CCEAD75495.d.DCCF0CC0A27877D152E924EB01D964CC.e.72}]
Capabilities {acceptInsecureCerts: false, browserName: chrome, browserVersion: 147.0.7727.101, chrome: {chromedriverVersion: 147.0.7727.57 (b4f28b5637d0..., userDataDir: C:\Users\SARITH~1\AppData\L...}, fedcm:accounts: true, goog:chromeOptions: {debuggerAddress: localhost:51206}, goog:processID: 20348, networkConnectionEnabled: false, pageLoadStrategy: normal, platformName: windows, proxy: Proxy(), se:cdp: ws://localhost:51206/devtoo..., se:cdpVersion: 147.0.7727.101, setWindowRect: true, strictFileInteractability: false, timeouts: {implicit: 0, pageLoad: 300000, script: 30000}, unhandledPromptBehavior: dismiss and notify, webauthn:extension:credBlob: true, webauthn:extension:largeBlob: true, webauthn:extension:minPinLength: true, webauthn:extension:prf: true, webauthn:virtualAuthenticators: true}
Element: [[ChromeDriver: chrome on windows (621f26f81b301ffa54aeeda80494b3a4)] -> tag name: button]
Session ID: 621f26f81b301ffa54aeeda80494b3a4)
[FAIL] TC26 - Sections Count
[PASS] TC27 - Mobile View
[PASS] TC28 - About Section Exists
[FAIL] TC29 - Services Section Exists
[PASS] TC30 - Contact Section Exists
[FAIL] TC31 - Navigation Links Count
[PASS] TC32 - Footer Links Exist
[FAIL] TC33 - Logo Visible (Exception: no such element: Unable to locate element: {"method":"tag name","selector":"img"}
  (Session info: chrome=147.0.7727.101)
For documentation on this error, please visit: https://www.selenium.dev/documentation/webdriver/troubleshooting/errors#no-such-element-exception
Build info: version: '4.18.1', revision: 'b1d3319b48'
System info: os.name: 'Windows 11', os.arch: 'amd64', os.version: '10.0', java.version: '17.0.18'
Driver info: org.openqa.selenium.chrome.ChromeDriver
Command: [621f26f81b301ffa54aeeda80494b3a4, findElement {using=tag name, value=img}]
Capabilities {acceptInsecureCerts: false, browserName: chrome, browserVersion: 147.0.7727.101, chrome: {chromedriverVersion: 147.0.7727.57 (b4f28b5637d0..., userDataDir: C:\Users\SARITH~1\AppData\L...}, fedcm:accounts: true, goog:chromeOptions: {debuggerAddress: localhost:51206}, goog:processID: 20348, networkConnectionEnabled: false, pageLoadStrategy: normal, platformName: windows, proxy: Proxy(), se:cdp: ws://localhost:51206/devtoo..., se:cdpVersion: 147.0.7727.101, setWindowRect: true, strictFileInteractability: false, timeouts: {implicit: 0, pageLoad: 300000, script: 30000}, unhandledPromptBehavior: dismiss and notify, webauthn:extension:credBlob: true, webauthn:extension:largeBlob: true, webauthn:extension:minPinLength: true, webauthn:extension:prf: true, webauthn:virtualAuthenticators: true}
Session ID: 621f26f81b301ffa54aeeda80494b3a4)
[FAIL] TC34 - Sections Present
[PASS] TC35 - External/Internal Link Click
[PASS] TC36 - Mobile Responsive Check
[PASS] TC37 - Page Source Not Empty
[PASS] TC38 - Page Reload Stability
[PASS] TC39 - Scroll Down Fully
[PASS] TC40 - Back to Top

=============================
  All 40 Test Cases Finished 
=============================
